package io.sphere.sdk.annotations.processors.generators.examples.commands.updateactions;

import io.sphere.sdk.annotations.processors.generators.examples.MyResource;
import io.sphere.sdk.commands.UpdateActionImpl;
import java.lang.Integer;
import javax.annotation.Generated;

/**
 * Updates the {@code quantity} property of a {@link MyResource}.
 *
 * {@include.example io.sphere.sdk.annotations.processors.generators.examples.commands.MyResourceUpdateCommandIntegrationTest#changeQuantity()}
 *
 * @see MyResource#getQuantity()
 */
@Generated(
    value = "io.sphere.sdk.annotations.processors.generators.UpdateActionsGenerator",
    comments = "Generated from: io.sphere.sdk.annotations.processors.generators.examples.MyResource"
)
public final class ChangeQuantity extends UpdateActionImpl<MyResource> {
  private final Integer quantity;

  private ChangeQuantity(final Integer quantity) {
    super("changeQuantity");
    this.quantity = quantity;
  }

  public Integer getQuantity() {
    return quantity;
  }

  /**
   * Creates a new update action from the given parameters.
   *
   * @param quantity the {@code quantity} property {@link MyResource#getQuantity()}.
   * @return the {@code ChangeQuantity} update action.
   */
  public static ChangeQuantity of(final Integer quantity) {
    return new ChangeQuantity(quantity);
  }
}
