package io.sphere.sdk.annotations.processors.generators.examples;

import com.fasterxml.jackson.annotation.JsonCreator;
import com.fasterxml.jackson.annotation.JsonProperty;
import io.sphere.sdk.models.Base;
import java.lang.Boolean;
import java.lang.Deprecated;
import java.lang.String;
import java.util.List;
import java.util.Set;
import javax.annotation.Generated;
import javax.annotation.Nullable;

/**
 * Dsl class for {@link ExampleDraft}.
 */
@Generated(
    value = "io.sphere.sdk.annotations.processors.generators.ResourceDraftValueGenerator",
    comments = "Generated from: io.sphere.sdk.annotations.processors.generators.examples.ExampleDraft"
)
public final class ExampleDraftDsl extends Base implements ExampleDraft {
  private Boolean _default;

  private Boolean active;

  private String deprecatedField;

  private List<String> names;

  @Nullable
  private String optional;

  private String sku;

  private Set<String> values;

  @JsonCreator
  ExampleDraftDsl(final Boolean _default, @JsonProperty("isActive") final Boolean active,
      final String deprecatedField, final List<String> names, @Nullable final String optional,
      final String sku, final Set<String> values) {
    this._default = _default;
    this.active = active;
    this.deprecatedField = deprecatedField;
    this.names = names;
    this.optional = optional;
    this.sku = sku;
    this.values = values;
  }

  public Boolean isDefault() {
    return _default;
  }

  @JsonProperty("isActive")
  public Boolean isActive() {
    return active;
  }

  /**
   *
   * @deprecated This method will be removed with the next major SDK update.
   */
  @Deprecated
  public String getDeprecatedField() {
    return deprecatedField;
  }

  public List<String> getNames() {
    return names;
  }

  @Nullable
  public String getOptional() {
    return optional;
  }

  public String getSku() {
    return sku;
  }

  public Set<String> getValues() {
    return values;
  }

  /**
   * Creates a new builder with the values of this object.
   *
   * @return new builder
   */
  public ExampleDraftBuilder newBuilder() {
    return new ExampleDraftBuilder(_default, active, deprecatedField, names, optional, sku, values);
  }

  public ExampleDraftDsl withDefault(final Boolean _default) {
    return newBuilder()._default(_default).build();
  }

  public ExampleDraftDsl withActive(final Boolean active) {
    return newBuilder().active(active).build();
  }

  /**
   *
   * @deprecated This method will be removed with the next major SDK update.
   */
  @Deprecated
  public ExampleDraftDsl withDeprecatedField(final String deprecatedField) {
    return newBuilder().deprecatedField(deprecatedField).build();
  }

  public ExampleDraftDsl withNames(final List<String> names) {
    return newBuilder().names(names).build();
  }

  public ExampleDraftDsl withOptional(@Nullable final String optional) {
    return newBuilder().optional(optional).build();
  }

  public ExampleDraftDsl withSku(final String sku) {
    return newBuilder().sku(sku).build();
  }

  public ExampleDraftDsl withValues(final Set<String> values) {
    return newBuilder().values(values).build();
  }

  public ExampleDraftDsl withIsActive(final Boolean active) {
    return newBuilder().active(active).build();
  }

  /**
   * Creates a new object initialized with the given values.
   *
   * @param sku initial value for the {@link ExampleDraft#getSku()} property
   * @param active initial value for the {@link ExampleDraft#isActive()} property
   * @return new object initialized with the given values
   */
  public static ExampleDraftDsl of(final String sku, final Boolean active) {
    return new ExampleDraftDsl(null, active, null, null, null, sku, null);
  }

  /**
   * Creates a new object initialized with the given values.
   *
   * @param _default initial value for the {@link ExampleDraft#isDefault()} property
   * @param active initial value for the {@link ExampleDraft#isActive()} property
   * @return new object initialized with the given values
   */
  public static ExampleDraftDsl of(final Boolean _default, final Boolean active) {
    return new ExampleDraftDsl(_default, active, null, null, null, null, null);
  }

  /**
   * Creates a new object initialized with the given values.
   *
   * @param _default initial value for the {@link ExampleDraft#isDefault()} property
   * @param optional initial value for the {@link ExampleDraft#getOptional()} property
   * @return new object initialized with the given values
   */
  public static ExampleDraftDsl of(final Boolean _default, @Nullable final String optional) {
    return new ExampleDraftDsl(_default, null, null, null, optional, null, null);
  }

  /**
   * Creates a new object initialized with the fields of the template parameter.
   *
   * @param template the template
   * @return a new object initialized from the template
   */
  public static ExampleDraftDsl of(final ExampleDraft template) {
    return new ExampleDraftDsl(template.isDefault(), template.isActive(), template.getDeprecatedField(), template.getNames(), template.getOptional(), template.getSku(), template.getValues());
  }
}
