package io.sphere.sdk.annotations.processors.generators.examples;

import com.fasterxml.jackson.annotation.JsonProperty;
import io.sphere.sdk.models.Base;
import io.sphere.sdk.models.Builder;
import io.sphere.sdk.utils.SphereInternalUtils;
import java.lang.Boolean;
import java.lang.Deprecated;
import java.lang.String;
import java.util.ArrayList;
import java.util.Collections;
import java.util.HashSet;
import java.util.List;
import java.util.Optional;
import java.util.Set;
import javax.annotation.Generated;
import javax.annotation.Nullable;

/**
 * Builder for {@link ExampleDraft}.
 */
@Generated(
    value = "io.sphere.sdk.annotations.processors.generators.DraftBuilderGenerator",
    comments = "Generated from: io.sphere.sdk.annotations.processors.generators.examples.ExampleDraft"
)
public final class ExampleDraftBuilder extends Base implements Builder<ExampleDraftDsl> {
  private Boolean _default;

  private Boolean active;

  private String deprecatedField;

  private List<String> names;

  @Nullable
  private String optional;

  private String sku;

  private Set<String> values;

  ExampleDraftBuilder() {
  }

  ExampleDraftBuilder(final Boolean _default, final Boolean active, final String deprecatedField,
      final List<String> names, @Nullable final String optional, final String sku,
      final Set<String> values) {
    this._default = _default;
    this.active = active;
    this.deprecatedField = deprecatedField;
    this.names = names;
    this.optional = optional;
    this.sku = sku;
    this.values = values;
  }

  /**
   * Sets the {@code default} property of this builder.
   *
   * @param _default the value for {@link ExampleDraft#isDefault()}
   * @return this builder
   */
  public ExampleDraftBuilder _default(final Boolean _default) {
    this._default = _default;
    return this;
  }

  /**
   * Sets the {@code default} property of this builder.
   *
   * @param _default the value for {@link ExampleDraft#isDefault()}
   * @return this builder
   */
  public ExampleDraftBuilder isDefault(final Boolean _default) {
    this._default = _default;
    return this;
  }

  /**
   * Sets the {@code active} property of this builder.
   *
   * @param active the value for {@link ExampleDraft#isActive()}
   * @return this builder
   */
  public ExampleDraftBuilder active(final Boolean active) {
    this.active = active;
    return this;
  }

  /**
   * Sets the {@code active} property of this builder.
   *
   * @param active the value for {@link ExampleDraft#isActive()}
   * @return this builder
   */
  public ExampleDraftBuilder isActive(final Boolean active) {
    this.active = active;
    return this;
  }

  /**
   * Sets the {@code deprecatedField} property of this builder.
   *
   * @param deprecatedField the value for {@link ExampleDraft#getDeprecatedField()}
   * @return this builder
   *
   * @deprecated This method will be removed with the next major SDK update.
   */
  @Deprecated
  public ExampleDraftBuilder deprecatedField(final String deprecatedField) {
    this.deprecatedField = deprecatedField;
    return this;
  }

  /**
   * Sets the {@code names} property of this builder.
   *
   * @param names the value for {@link ExampleDraft#getNames()}
   * @return this builder
   */
  public ExampleDraftBuilder names(final List<String> names) {
    this.names = names;
    return this;
  }

  /**
   * Sets the {@code optional} property of this builder.
   *
   * @param optional the value for {@link ExampleDraft#getOptional()}
   * @return this builder
   */
  public ExampleDraftBuilder optional(@Nullable final String optional) {
    this.optional = optional;
    return this;
  }

  /**
   * Sets the {@code sku} property of this builder.
   *
   * @param sku the value for {@link ExampleDraft#getSku()}
   * @return this builder
   */
  public ExampleDraftBuilder sku(final String sku) {
    this.sku = sku;
    return this;
  }

  /**
   * Sets the {@code values} property of this builder.
   *
   * @param values the value for {@link ExampleDraft#getValues()}
   * @return this builder
   */
  public ExampleDraftBuilder values(final Set<String> values) {
    this.values = values;
    return this;
  }

  public Boolean isDefault() {
    return _default;
  }

  @JsonProperty("isActive")
  public Boolean isActive() {
    return active;
  }

  /**
   *
   * @deprecated This method will be removed with the next major SDK update.
   */
  @Deprecated
  public String getDeprecatedField() {
    return deprecatedField;
  }

  public List<String> getNames() {
    return names;
  }

  @Nullable
  public String getOptional() {
    return optional;
  }

  public String getSku() {
    return sku;
  }

  public Set<String> getValues() {
    return values;
  }

  /**
   * Concatenate {@code names} parameter to the {@code names} list property of this builder.
   *
   * @param names the value for {@link ExampleDraft#getNames()}
   * @return this builder
   */
  public ExampleDraftBuilder plusNames(final List<String> names) {
    this.names =  SphereInternalUtils.listOf(Optional.ofNullable(this.names).orElseGet(ArrayList::new), names);
    return this;
  }

  /**
   * Adds {@code names} parameter to the {@code names} list property of this builder.
   *
   * @param names the value of the element to add to {@link ExampleDraft#getNames()}
   * @return this builder
   */
  public ExampleDraftBuilder plusNames(final String names) {
    this.names =  SphereInternalUtils.listOf(Optional.ofNullable(this.names).orElseGet(ArrayList::new), Collections.singletonList(names));
    return this;
  }

  /**
   * Concatenate {@code values} parameter to the {@code values} set property of this builder.
   *
   * @param values the value for {@link ExampleDraft#getValues()}
   * @return this builder
   */
  public ExampleDraftBuilder plusValues(final Set<String> values) {
    this.values =  SphereInternalUtils.setOf(Optional.ofNullable(this.values).orElseGet(HashSet::new), values);
    return this;
  }

  /**
   * Adds {@code values} parameter to the {@code values} set property of this builder.
   *
   * @param values the value of the element to add to {@link ExampleDraft#getValues()}
   * @return this builder
   */
  public ExampleDraftBuilder plusValues(final String values) {
    this.values =  SphereInternalUtils.setOf(Collections.singleton(values), Optional.ofNullable(this.values).orElseGet(HashSet::new));
    return this;
  }

  /**
   * Creates a new instance of {@code ExampleDraftDsl} with the values of this builder.
   *
   * @return the instance
   */
  public ExampleDraftDsl build() {
    return new ExampleDraftDsl(_default, active, deprecatedField, names, optional, sku, values);
  }

  /**
   * Creates a new object initialized with the given values.
   *
   * @param sku initial value for the {@link ExampleDraft#getSku()} property
   * @param active initial value for the {@link ExampleDraft#isActive()} property
   * @return new object initialized with the given values
   */
  public static ExampleDraftBuilder of(final String sku, final Boolean active) {
    return new ExampleDraftBuilder(null, active, null, null, null, sku, null);
  }

  /**
   * Creates a new object initialized with the given values.
   *
   * @param _default initial value for the {@link ExampleDraft#isDefault()} property
   * @param active initial value for the {@link ExampleDraft#isActive()} property
   * @return new object initialized with the given values
   */
  public static ExampleDraftBuilder of(final Boolean _default, final Boolean active) {
    return new ExampleDraftBuilder(_default, active, null, null, null, null, null);
  }

  /**
   * Creates a new object initialized with the given values.
   *
   * @param _default initial value for the {@link ExampleDraft#isDefault()} property
   * @param optional initial value for the {@link ExampleDraft#getOptional()} property
   * @return new object initialized with the given values
   */
  public static ExampleDraftBuilder of(final Boolean _default, @Nullable final String optional) {
    return new ExampleDraftBuilder(_default, null, null, null, optional, null, null);
  }

  /**
   * Creates a new object initialized with the fields of the template parameter.
   *
   * @param template the template
   * @return a new object initialized from the template
   */
  public static ExampleDraftBuilder of(final ExampleDraft template) {
    return new ExampleDraftBuilder(template.isDefault(), template.isActive(), template.getDeprecatedField(), template.getNames(), template.getOptional(), template.getSku(), template.getValues());
  }
}
