package io.sphere.sdk.annotations.processors.generators.examples;

import io.sphere.sdk.models.Base;
import io.sphere.sdk.models.Builder;
import java.lang.Boolean;
import javax.annotation.Generated;

/**
 * Builder for {@link ExampleWithLowerCaseBooleanDraft}.
 */
@Generated(
    value = "io.sphere.sdk.annotations.processors.generators.DraftBuilderGenerator",
    comments = "Generated from: io.sphere.sdk.annotations.processors.generators.examples.ExampleWithLowerCaseBooleanDraft"
)
public final class ExampleWithLowerCaseBooleanDraftBuilder extends Base implements Builder<ExampleWithLowerCaseBooleanDraftDsl> {
  private Boolean lowerCased;

  ExampleWithLowerCaseBooleanDraftBuilder() {
  }

  ExampleWithLowerCaseBooleanDraftBuilder(final Boolean lowerCased) {
    this.lowerCased = lowerCased;
  }

  /**
   * Sets the {@code lowerCased} property of this builder.
   *
   * @param lowerCased the value for {@link ExampleWithLowerCaseBooleanDraft#isLowerCased()}
   * @return this builder
   */
  public ExampleWithLowerCaseBooleanDraftBuilder lowerCased(final Boolean lowerCased) {
    this.lowerCased = lowerCased;
    return this;
  }

  /**
   * Sets the {@code lowerCased} property of this builder.
   *
   * @param lowerCased the value for {@link ExampleWithLowerCaseBooleanDraft#isLowerCased()}
   * @return this builder
   */
  public ExampleWithLowerCaseBooleanDraftBuilder isLowerCased(final Boolean lowerCased) {
    this.lowerCased = lowerCased;
    return this;
  }

  public Boolean isLowerCased() {
    return lowerCased;
  }

  /**
   * Creates a new instance of {@code ExampleWithLowerCaseBooleanDraftDsl} with the values of this builder.
   *
   * @return the instance
   */
  public ExampleWithLowerCaseBooleanDraftDsl build() {
    return new ExampleWithLowerCaseBooleanDraftDsl(lowerCased);
  }

  /**
   * Creates a new object initialized with the given values.
   *
   * @param lowerCased initial value for the {@link ExampleWithLowerCaseBooleanDraft#isLowerCased()} property
   * @return new object initialized with the given values
   */
  public static ExampleWithLowerCaseBooleanDraftBuilder of(final boolean lowerCased) {
    return new ExampleWithLowerCaseBooleanDraftBuilder(lowerCased);
  }

  /**
   * Creates a new object initialized with the fields of the template parameter.
   *
   * @param template the template
   * @return a new object initialized from the template
   */
  public static ExampleWithLowerCaseBooleanDraftBuilder of(final ExampleWithLowerCaseBooleanDraft template) {
    return new ExampleWithLowerCaseBooleanDraftBuilder(template.isLowerCased());
  }
}
