package io.sphere.sdk.annotations.processors.generators.examples.commands.updateactions;

import io.sphere.sdk.annotations.processors.generators.examples.MyResource;
import io.sphere.sdk.commands.UpdateActionImpl;
import java.lang.String;
import javax.annotation.Generated;
import javax.annotation.Nullable;

/**
 * Sets the {@code description} property of a {@link MyResource}.
 *
 * {@include.example io.sphere.sdk.annotations.processors.generators.examples.commands.MyResourceUpdateCommandIntegrationTest#setDescription()}
 *
 * @see MyResource#getDescription()
 */
@Generated(
    value = "io.sphere.sdk.annotations.processors.generators.UpdateActionsGenerator",
    comments = "Generated from: io.sphere.sdk.annotations.processors.generators.examples.MyResource"
)
public final class SetDescription extends UpdateActionImpl<MyResource> {
  @Nullable
  private final String description;

  private SetDescription(@Nullable final String description) {
    super("setDescription");
    this.description = description;
  }

  @Nullable
  public String getDescription() {
    return description;
  }

  /**
   * Creates a new update action from the given parameters.
   *
   * @param description the {@code description} property {@link MyResource#getDescription()}.
   * @return the {@code SetDescription} update action.
   */
  public static SetDescription of(@Nullable final String description) {
    return new SetDescription(description);
  }

  /**
   * Creates a new update action to unset the {@code description} property.
   * @return the {@code SetDescription} update action.
   */
  public static SetDescription ofUnset() {
    return new SetDescription(null);
  }
}
